Archive member included because of file (symbol)

c:/winavr-20090313/bin/../lib/gcc/avr/4.3.2/avr6\libgcc.a(_udivmodhi4.o)
                              secondrun1.o (__udivmodhi4)
c:/winavr-20090313/bin/../lib/gcc/avr/4.3.2/avr6\libgcc.a(_exit.o)
                              c:/winavr-20090313/bin/../lib/gcc/avr/4.3.2/../../../../avr/lib/avr6/crtm2560.o (exit)
c:/winavr-20090313/bin/../lib/gcc/avr/4.3.2/avr6\libgcc.a(_clear_bss.o)
                              secondrun1.o (__do_clear_bss)
c:/winavr-20090313/bin/../lib/gcc/avr/4.3.2/avr6\libgcc.a(_fixunssfsi.o)
                              secondrun1.o (__fixunssfsi)
c:/winavr-20090313/bin/../lib/gcc/avr/4.3.2/avr6\libgcc.a(_addsub_sf.o)
                              c:/winavr-20090313/bin/../lib/gcc/avr/4.3.2/avr6\libgcc.a(_fixunssfsi.o) (__subsf3)
c:/winavr-20090313/bin/../lib/gcc/avr/4.3.2/avr6\libgcc.a(_mul_sf.o)
                              secondrun1.o (__mulsf3)
c:/winavr-20090313/bin/../lib/gcc/avr/4.3.2/avr6\libgcc.a(_gt_sf.o)
                              secondrun1.o (__gtsf2)
c:/winavr-20090313/bin/../lib/gcc/avr/4.3.2/avr6\libgcc.a(_ge_sf.o)
                              c:/winavr-20090313/bin/../lib/gcc/avr/4.3.2/avr6\libgcc.a(_fixunssfsi.o) (__gesf2)
c:/winavr-20090313/bin/../lib/gcc/avr/4.3.2/avr6\libgcc.a(_lt_sf.o)
                              secondrun1.o (__ltsf2)
c:/winavr-20090313/bin/../lib/gcc/avr/4.3.2/avr6\libgcc.a(_sf_to_si.o)
                              c:/winavr-20090313/bin/../lib/gcc/avr/4.3.2/avr6\libgcc.a(_fixunssfsi.o) (__fixsfsi)
c:/winavr-20090313/bin/../lib/gcc/avr/4.3.2/avr6\libgcc.a(_thenan_sf.o)
                              c:/winavr-20090313/bin/../lib/gcc/avr/4.3.2/avr6\libgcc.a(_addsub_sf.o) (__thenan_sf)
c:/winavr-20090313/bin/../lib/gcc/avr/4.3.2/avr6\libgcc.a(_prologue.o)
                              c:/winavr-20090313/bin/../lib/gcc/avr/4.3.2/avr6\libgcc.a(_addsub_sf.o) (__prologue_saves__)
c:/winavr-20090313/bin/../lib/gcc/avr/4.3.2/avr6\libgcc.a(_epilogue.o)
                              c:/winavr-20090313/bin/../lib/gcc/avr/4.3.2/avr6\libgcc.a(_addsub_sf.o) (__epilogue_restores__)
c:/winavr-20090313/bin/../lib/gcc/avr/4.3.2/avr6\libgcc.a(_pack_sf.o)
                              c:/winavr-20090313/bin/../lib/gcc/avr/4.3.2/avr6\libgcc.a(_addsub_sf.o) (__pack_f)
c:/winavr-20090313/bin/../lib/gcc/avr/4.3.2/avr6\libgcc.a(_unpack_sf.o)
                              c:/winavr-20090313/bin/../lib/gcc/avr/4.3.2/avr6\libgcc.a(_addsub_sf.o) (__unpack_f)
c:/winavr-20090313/bin/../lib/gcc/avr/4.3.2/avr6\libgcc.a(_fpcmp_parts_sf.o)
                              c:/winavr-20090313/bin/../lib/gcc/avr/4.3.2/avr6\libgcc.a(_gt_sf.o) (__fpcmp_parts_f)

Allocating common symbols
Common symbol       size              file

million             0x2               secondrun1.o
temp                0x2               secondrun1.o
ADC_Value           0x1               secondrun1.o
i                   0x2               secondrun1.o
tens                0x2               secondrun1.o
hundred             0x2               secondrun1.o
unit                0x2               secondrun1.o
thousand            0x2               secondrun1.o

Memory Configuration

Name             Origin             Length             Attributes
text             0x00000000         0x00100000         xr
data             0x00800200         0x0000fe00         rw !x
eeprom           0x00810000         0x00010000         rw !x
fuse             0x00820000         0x00000400         rw !x
lock             0x00830000         0x00000400         rw !x
signature        0x00840000         0x00000400         rw !x
*default*        0x00000000         0xffffffff

Linker script and memory map

Address of section .data set to 0x800200
LOAD c:/winavr-20090313/bin/../lib/gcc/avr/4.3.2/../../../../avr/lib/avr6/crtm2560.o
LOAD secondrun1.o
LOAD c:/winavr-20090313/bin/../lib/gcc/avr/4.3.2/avr6\libgcc.a
LOAD c:/winavr-20090313/bin/../lib/gcc/avr/4.3.2/../../../../avr/lib/avr6\libc.a
LOAD c:/winavr-20090313/bin/../lib/gcc/avr/4.3.2/avr6\libgcc.a

.hash
 *(.hash)

.dynsym
 *(.dynsym)

.dynstr
 *(.dynstr)

.gnu.version
 *(.gnu.version)

.gnu.version_d
 *(.gnu.version_d)

.gnu.version_r
 *(.gnu.version_r)

.rel.init
 *(.rel.init)

.rela.init
 *(.rela.init)

.rel.text
 *(.rel.text)
 *(.rel.text.*)
 *(.rel.gnu.linkonce.t*)

.rela.text
 *(.rela.text)
 *(.rela.text.*)
 *(.rela.gnu.linkonce.t*)

.rel.fini
 *(.rel.fini)

.rela.fini
 *(.rela.fini)

.rel.rodata
 *(.rel.rodata)
 *(.rel.rodata.*)
 *(.rel.gnu.linkonce.r*)

.rela.rodata
 *(.rela.rodata)
 *(.rela.rodata.*)
 *(.rela.gnu.linkonce.r*)

.rel.data
 *(.rel.data)
 *(.rel.data.*)
 *(.rel.gnu.linkonce.d*)

.rela.data
 *(.rela.data)
 *(.rela.data.*)
 *(.rela.gnu.linkonce.d*)

.rel.ctors
 *(.rel.ctors)

.rela.ctors
 *(.rela.ctors)

.rel.dtors
 *(.rel.dtors)

.rela.dtors
 *(.rela.dtors)

.rel.got
 *(.rel.got)

.rela.got
 *(.rela.got)

.rel.bss
 *(.rel.bss)

.rela.bss
 *(.rela.bss)

.rel.plt
 *(.rel.plt)

.rela.plt
 *(.rela.plt)

.text           0x00000000     0x349c
 *(.vectors)
 .vectors       0x00000000       0xe4 c:/winavr-20090313/bin/../lib/gcc/avr/4.3.2/../../../../avr/lib/avr6/crtm2560.o
                0x00000000                __vectors
                0x00000000                __vector_default
 *(.vectors)
 *(.progmem.gcc*)
 *(.progmem*)
                0x000000e4                . = ALIGN (0x2)
                0x000000e4                __trampolines_start = .
 *(.trampolines)
 .trampolines   0x000000e4        0x0 linker stubs
 *(.trampolines*)
                0x000000e4                __trampolines_end = .
 *(.jumptables)
 *(.jumptables*)
 *(.lowtext)
 *(.lowtext*)
                0x000000e4                __ctors_start = .
 *(.ctors)
                0x000000e4                __ctors_end = .
                0x000000e4                __dtors_start = .
 *(.dtors)
                0x000000e4                __dtors_end = .
 SORT(*)(.ctors)
 SORT(*)(.dtors)
 *(.init0)
 .init0         0x000000e4        0x0 c:/winavr-20090313/bin/../lib/gcc/avr/4.3.2/../../../../avr/lib/avr6/crtm2560.o
                0x000000e4                __init
 *(.init0)
 *(.init1)
 *(.init1)
 *(.init2)
 .init2         0x000000e4       0x10 c:/winavr-20090313/bin/../lib/gcc/avr/4.3.2/../../../../avr/lib/avr6/crtm2560.o
 *(.init2)
 *(.init3)
 *(.init3)
 *(.init4)
 .init4         0x000000f4       0x1a c:/winavr-20090313/bin/../lib/gcc/avr/4.3.2/../../../../avr/lib/avr6/crtm2560.o
                0x000000f4                __do_copy_data
 .init4         0x0000010e       0x10 c:/winavr-20090313/bin/../lib/gcc/avr/4.3.2/avr6\libgcc.a(_clear_bss.o)
                0x0000010e                __do_clear_bss
 *(.init4)
 *(.init5)
 *(.init5)
 *(.init6)
 *(.init6)
 *(.init7)
 *(.init7)
 *(.init8)
 *(.init8)
 *(.init9)
 .init9         0x0000011e        0x8 c:/winavr-20090313/bin/../lib/gcc/avr/4.3.2/../../../../avr/lib/avr6/crtm2560.o
 *(.init9)
 *(.text)
 .text          0x00000126        0x4 c:/winavr-20090313/bin/../lib/gcc/avr/4.3.2/../../../../avr/lib/avr6/crtm2560.o
                0x00000126                __vector_38
                0x00000126                __vector_22
                0x00000126                __vector_28
                0x00000126                __vector_1
                0x00000126                __vector_32
                0x00000126                __vector_34
                0x00000126                __vector_24
                0x00000126                __vector_12
                0x00000126                __vector_55
                0x00000126                __vector_46
                0x00000126                __bad_interrupt
                0x00000126                __vector_6
                0x00000126                __vector_31
                0x00000126                __vector_35
                0x00000126                __vector_39
                0x00000126                __vector_3
                0x00000126                __vector_23
                0x00000126                __vector_30
                0x00000126                __vector_45
                0x00000126                __vector_25
                0x00000126                __vector_11
                0x00000126                __vector_54
                0x00000126                __vector_13
                0x00000126                __vector_17
                0x00000126                __vector_19
                0x00000126                __vector_56
                0x00000126                __vector_7
                0x00000126                __vector_49
                0x00000126                __vector_41
                0x00000126                __vector_43
                0x00000126                __vector_27
                0x00000126                __vector_5
                0x00000126                __vector_33
                0x00000126                __vector_47
                0x00000126                __vector_52
                0x00000126                __vector_37
                0x00000126                __vector_4
                0x00000126                __vector_44
                0x00000126                __vector_51
                0x00000126                __vector_9
                0x00000126                __vector_2
                0x00000126                __vector_21
                0x00000126                __vector_15
                0x00000126                __vector_36
                0x00000126                __vector_29
                0x00000126                __vector_40
                0x00000126                __vector_8
                0x00000126                __vector_26
                0x00000126                __vector_48
                0x00000126                __vector_14
                0x00000126                __vector_53
                0x00000126                __vector_10
                0x00000126                __vector_50
                0x00000126                __vector_16
                0x00000126                __vector_18
                0x00000126                __vector_20
                0x00000126                __vector_42
 .text          0x0000012a     0x2824 secondrun1.o
                0x000014e8                port_init
                0x000016e6                soft_right
                0x00002364                turn_right
                0x000021fc                center_left
                0x00001740                blackline
                0x00001502                timer5_init
                0x000016fa                soft_left_2
                0x000014a2                motion_pin_config
                0x00002098                turn_left
                0x00001452                lcd_port_config
                0x00001722                init_devices
                0x000011b8                lcd_home
                0x00000f04                lcd_wr_char
                0x000011cc                lcd_string
                0x0000128a                lcd_print
                0x000016aa                forward
                0x00000c50                lcd_wr_command
                0x00001642                velocity
                0x00001206                lcd_cursor
                0x00001592                ADC_Conversion
                0x00000b28                lcd_init
                0x00002634                main
                0x000024cc                center_right
                0x0000147c                adc_pin_config
                0x00001560                adc_init
                0x0000166c                motion_set
                0x000016d2                soft_left
                0x0000012a                lcd_set_4bit
                0x00001606                print_sensor
                0x000016be                stop
                0x0000170e                soft_right_2
 .text          0x0000294e        0x0 c:/winavr-20090313/bin/../lib/gcc/avr/4.3.2/avr6\libgcc.a(_udivmodhi4.o)
 .text          0x0000294e        0x0 c:/winavr-20090313/bin/../lib/gcc/avr/4.3.2/avr6\libgcc.a(_exit.o)
 .text          0x0000294e        0x0 c:/winavr-20090313/bin/../lib/gcc/avr/4.3.2/avr6\libgcc.a(_clear_bss.o)
 .text          0x0000294e       0x58 c:/winavr-20090313/bin/../lib/gcc/avr/4.3.2/avr6\libgcc.a(_fixunssfsi.o)
                0x0000294e                __fixunssfsi
 .text          0x000029a6      0x354 c:/winavr-20090313/bin/../lib/gcc/avr/4.3.2/avr6\libgcc.a(_addsub_sf.o)
                0x00002c3e                __subsf3
                0x00002ca0                __addsf3
 .text          0x00002cfa      0x1f4 c:/winavr-20090313/bin/../lib/gcc/avr/4.3.2/avr6\libgcc.a(_mul_sf.o)
                0x00002cfa                __mulsf3
 .text          0x00002eee       0x60 c:/winavr-20090313/bin/../lib/gcc/avr/4.3.2/avr6\libgcc.a(_gt_sf.o)
                0x00002eee                __gtsf2
 .text          0x00002f4e       0x60 c:/winavr-20090313/bin/../lib/gcc/avr/4.3.2/avr6\libgcc.a(_ge_sf.o)
                0x00002f4e                __gesf2
 .text          0x00002fae       0x60 c:/winavr-20090313/bin/../lib/gcc/avr/4.3.2/avr6\libgcc.a(_lt_sf.o)
                0x00002fae                __ltsf2
 .text          0x0000300e       0xa8 c:/winavr-20090313/bin/../lib/gcc/avr/4.3.2/avr6\libgcc.a(_sf_to_si.o)
                0x0000300e                __fixsfsi
 .text          0x000030b6        0x0 c:/winavr-20090313/bin/../lib/gcc/avr/4.3.2/avr6\libgcc.a(_thenan_sf.o)
 .text          0x000030b6        0x0 c:/winavr-20090313/bin/../lib/gcc/avr/4.3.2/avr6\libgcc.a(_prologue.o)
 .text          0x000030b6        0x0 c:/winavr-20090313/bin/../lib/gcc/avr/4.3.2/avr6\libgcc.a(_epilogue.o)
 .text          0x000030b6      0x1aa c:/winavr-20090313/bin/../lib/gcc/avr/4.3.2/avr6\libgcc.a(_pack_sf.o)
                0x000030b6                __pack_f
 .text          0x00003260       0xf0 c:/winavr-20090313/bin/../lib/gcc/avr/4.3.2/avr6\libgcc.a(_unpack_sf.o)
                0x00003260                __unpack_f
 .text          0x00003350       0xb2 c:/winavr-20090313/bin/../lib/gcc/avr/4.3.2/avr6\libgcc.a(_fpcmp_parts_sf.o)
                0x00003350                __fpcmp_parts_f
                0x00003402                . = ALIGN (0x2)
 *(.text.*)
 .text.libgcc   0x00003402       0x28 c:/winavr-20090313/bin/../lib/gcc/avr/4.3.2/avr6\libgcc.a(_udivmodhi4.o)
                0x00003402                __udivmodhi4
 .text.libgcc   0x0000342a        0x0 c:/winavr-20090313/bin/../lib/gcc/avr/4.3.2/avr6\libgcc.a(_exit.o)
 .text.libgcc   0x0000342a        0x0 c:/winavr-20090313/bin/../lib/gcc/avr/4.3.2/avr6\libgcc.a(_clear_bss.o)
 .text.libgcc   0x0000342a       0x38 c:/winavr-20090313/bin/../lib/gcc/avr/4.3.2/avr6\libgcc.a(_prologue.o)
                0x0000342a                __prologue_saves__
 .text.libgcc   0x00003462       0x36 c:/winavr-20090313/bin/../lib/gcc/avr/4.3.2/avr6\libgcc.a(_epilogue.o)
                0x00003462                __epilogue_restores__
                0x00003498                . = ALIGN (0x2)
 *(.fini9)
 .fini9         0x00003498        0x0 c:/winavr-20090313/bin/../lib/gcc/avr/4.3.2/avr6\libgcc.a(_exit.o)
                0x00003498                exit
                0x00003498                _exit
 *(.fini9)
 *(.fini8)
 *(.fini8)
 *(.fini7)
 *(.fini7)
 *(.fini6)
 *(.fini6)
 *(.fini5)
 *(.fini5)
 *(.fini4)
 *(.fini4)
 *(.fini3)
 *(.fini3)
 *(.fini2)
 *(.fini2)
 *(.fini1)
 *(.fini1)
 *(.fini0)
 .fini0         0x00003498        0x4 c:/winavr-20090313/bin/../lib/gcc/avr/4.3.2/avr6\libgcc.a(_exit.o)
 *(.fini0)
                0x0000349c                _etext = .

.data           0x00800200        0x8 load address 0x0000349c
                0x00800200                PROVIDE (__data_start, .)
 *(.data)
 .data          0x00800200        0x0 c:/winavr-20090313/bin/../lib/gcc/avr/4.3.2/../../../../avr/lib/avr6/crtm2560.o
 .data          0x00800200        0x0 secondrun1.o
 .data          0x00800200        0x0 c:/winavr-20090313/bin/../lib/gcc/avr/4.3.2/avr6\libgcc.a(_udivmodhi4.o)
 .data          0x00800200        0x0 c:/winavr-20090313/bin/../lib/gcc/avr/4.3.2/avr6\libgcc.a(_exit.o)
 .data          0x00800200        0x0 c:/winavr-20090313/bin/../lib/gcc/avr/4.3.2/avr6\libgcc.a(_clear_bss.o)
 .data          0x00800200        0x0 c:/winavr-20090313/bin/../lib/gcc/avr/4.3.2/avr6\libgcc.a(_fixunssfsi.o)
 .data          0x00800200        0x0 c:/winavr-20090313/bin/../lib/gcc/avr/4.3.2/avr6\libgcc.a(_addsub_sf.o)
 .data          0x00800200        0x0 c:/winavr-20090313/bin/../lib/gcc/avr/4.3.2/avr6\libgcc.a(_mul_sf.o)
 .data          0x00800200        0x0 c:/winavr-20090313/bin/../lib/gcc/avr/4.3.2/avr6\libgcc.a(_gt_sf.o)
 .data          0x00800200        0x0 c:/winavr-20090313/bin/../lib/gcc/avr/4.3.2/avr6\libgcc.a(_ge_sf.o)
 .data          0x00800200        0x0 c:/winavr-20090313/bin/../lib/gcc/avr/4.3.2/avr6\libgcc.a(_lt_sf.o)
 .data          0x00800200        0x0 c:/winavr-20090313/bin/../lib/gcc/avr/4.3.2/avr6\libgcc.a(_sf_to_si.o)
 .data          0x00800200        0x8 c:/winavr-20090313/bin/../lib/gcc/avr/4.3.2/avr6\libgcc.a(_thenan_sf.o)
                0x00800200                __thenan_sf
 .data          0x00800208        0x0 c:/winavr-20090313/bin/../lib/gcc/avr/4.3.2/avr6\libgcc.a(_prologue.o)
 .data          0x00800208        0x0 c:/winavr-20090313/bin/../lib/gcc/avr/4.3.2/avr6\libgcc.a(_epilogue.o)
 .data          0x00800208        0x0 c:/winavr-20090313/bin/../lib/gcc/avr/4.3.2/avr6\libgcc.a(_pack_sf.o)
 .data          0x00800208        0x0 c:/winavr-20090313/bin/../lib/gcc/avr/4.3.2/avr6\libgcc.a(_unpack_sf.o)
 .data          0x00800208        0x0 c:/winavr-20090313/bin/../lib/gcc/avr/4.3.2/avr6\libgcc.a(_fpcmp_parts_sf.o)
 *(.data*)
 *(.rodata)
 *(.rodata*)
 *(.gnu.linkonce.d*)
                0x00800208                . = ALIGN (0x2)
                0x00800208                _edata = .
                0x00800208                PROVIDE (__data_end, .)

.bss            0x00800208       0x13
                0x00800208                PROVIDE (__bss_start, .)
 *(.bss)
 .bss           0x00800208        0x0 c:/winavr-20090313/bin/../lib/gcc/avr/4.3.2/../../../../avr/lib/avr6/crtm2560.o
 .bss           0x00800208        0x4 secondrun1.o
                0x00800209                Left_white_line
                0x00800208                flag
                0x0080020b                Right_white_line
                0x0080020a                Center_white_line
 .bss           0x0080020c        0x0 c:/winavr-20090313/bin/../lib/gcc/avr/4.3.2/avr6\libgcc.a(_udivmodhi4.o)
 .bss           0x0080020c        0x0 c:/winavr-20090313/bin/../lib/gcc/avr/4.3.2/avr6\libgcc.a(_exit.o)
 .bss           0x0080020c        0x0 c:/winavr-20090313/bin/../lib/gcc/avr/4.3.2/avr6\libgcc.a(_clear_bss.o)
 .bss           0x0080020c        0x0 c:/winavr-20090313/bin/../lib/gcc/avr/4.3.2/avr6\libgcc.a(_fixunssfsi.o)
 .bss           0x0080020c        0x0 c:/winavr-20090313/bin/../lib/gcc/avr/4.3.2/avr6\libgcc.a(_addsub_sf.o)
 .bss           0x0080020c        0x0 c:/winavr-20090313/bin/../lib/gcc/avr/4.3.2/avr6\libgcc.a(_mul_sf.o)
 .bss           0x0080020c        0x0 c:/winavr-20090313/bin/../lib/gcc/avr/4.3.2/avr6\libgcc.a(_gt_sf.o)
 .bss           0x0080020c        0x0 c:/winavr-20090313/bin/../lib/gcc/avr/4.3.2/avr6\libgcc.a(_ge_sf.o)
 .bss           0x0080020c        0x0 c:/winavr-20090313/bin/../lib/gcc/avr/4.3.2/avr6\libgcc.a(_lt_sf.o)
 .bss           0x0080020c        0x0 c:/winavr-20090313/bin/../lib/gcc/avr/4.3.2/avr6\libgcc.a(_sf_to_si.o)
 .bss           0x0080020c        0x0 c:/winavr-20090313/bin/../lib/gcc/avr/4.3.2/avr6\libgcc.a(_thenan_sf.o)
 .bss           0x0080020c        0x0 c:/winavr-20090313/bin/../lib/gcc/avr/4.3.2/avr6\libgcc.a(_prologue.o)
 .bss           0x0080020c        0x0 c:/winavr-20090313/bin/../lib/gcc/avr/4.3.2/avr6\libgcc.a(_epilogue.o)
 .bss           0x0080020c        0x0 c:/winavr-20090313/bin/../lib/gcc/avr/4.3.2/avr6\libgcc.a(_pack_sf.o)
 .bss           0x0080020c        0x0 c:/winavr-20090313/bin/../lib/gcc/avr/4.3.2/avr6\libgcc.a(_unpack_sf.o)
 .bss           0x0080020c        0x0 c:/winavr-20090313/bin/../lib/gcc/avr/4.3.2/avr6\libgcc.a(_fpcmp_parts_sf.o)
 *(.bss*)
 *(COMMON)
 COMMON         0x0080020c        0xf secondrun1.o
                0x0080020c                million
                0x0080020e                temp
                0x00800210                ADC_Value
                0x00800211                i
                0x00800213                tens
                0x00800215                hundred
                0x00800217                unit
                0x00800219                thousand
                0x0080021b                PROVIDE (__bss_end, .)
                0x0000349c                __data_load_start = LOADADDR (.data)
                0x000034a4                __data_load_end = (__data_load_start + SIZEOF (.data))

.noinit         0x0080021b        0x0
                0x0080021b                PROVIDE (__noinit_start, .)
 *(.noinit*)
                0x0080021b                PROVIDE (__noinit_end, .)
                0x0080021b                _end = .
                0x0080021b                PROVIDE (__heap_start, .)

.eeprom         0x00810000        0x0
 *(.eeprom*)
                0x00810000                __eeprom_end = .

.fuse
 *(.fuse)
 *(.lfuse)
 *(.hfuse)
 *(.efuse)

.lock
 *(.lock*)

.signature
 *(.signature*)

.stab
 *(.stab)

.stabstr
 *(.stabstr)

.stab.excl
 *(.stab.excl)

.stab.exclstr
 *(.stab.exclstr)

.stab.index
 *(.stab.index)

.stab.indexstr
 *(.stab.indexstr)

.comment
 *(.comment)

.debug
 *(.debug)

.line
 *(.line)

.debug_srcinfo
 *(.debug_srcinfo)

.debug_sfnames
 *(.debug_sfnames)

.debug_aranges  0x00000000       0x20
 *(.debug_aranges)
 .debug_aranges
                0x00000000       0x20 secondrun1.o

.debug_pubnames
                0x00000000      0x289
 *(.debug_pubnames)
 .debug_pubnames
                0x00000000      0x289 secondrun1.o

.debug_info     0x00000000      0xd50
 *(.debug_info)
 .debug_info    0x00000000      0xd50 secondrun1.o
 *(.gnu.linkonce.wi.*)

.debug_abbrev   0x00000000      0x1f6
 *(.debug_abbrev)
 .debug_abbrev  0x00000000      0x1f6 secondrun1.o

.debug_line     0x00000000     0x1596
 *(.debug_line)
 .debug_line    0x00000000     0x1596 secondrun1.o

.debug_frame    0x00000000      0x200
 *(.debug_frame)
 .debug_frame   0x00000000      0x200 secondrun1.o

.debug_str      0x00000000      0x2f7
 *(.debug_str)
 .debug_str     0x00000000      0x2f7 secondrun1.o
                                0x330 (size before relaxing)

.debug_loc
 *(.debug_loc)

.debug_macinfo
 *(.debug_macinfo)
OUTPUT(col.elf elf32-avr)
LOAD linker stubs
